[2026-09-08 12:23:11 IST] ADMIN LOGIN FAILED: Operative "administrator" failed login attempt
[2026-09-08 12:24:21 IST] ADMIN LOGIN: Operative "Administrator" logged into Admin Console
[2026-09-08 12:25:24 IST] ATTENDANCE LOGIN: Operative "Administrator" authenticated into Attendance Terminal
[2026-09-08 12:25:31 IST] ADMIN LOGIN FAILED: Operative "administrator" failed login attempt
[2026-09-09 10:45:12 IST] OTP DISPATCHED: Verification OTP dispatched and sent successfully to jesinmilesh@gmail.com (Recipient: "Team Leader")
[2026-09-09 10:46:05 IST] OTP VERIFIED: Email address "jesinmilesh@gmail.com" successfully verified via OTP
[2026-09-09 10:47:30 IST] NEW REGISTRATION: New strike team registered: Team "CYBER WOLVES" [XCTF-26-0001] | Leader: jesinmilesh@gmail.com | Members: 2 | UTR: 987654321012
[2026-09-09 10:47:32 IST] EMAIL DISPATCHED: Registration verification email dispatched to Leader "Jesin Milesh" (jesinmilesh@gmail.com) for Team "CYBER WOLVES"
[2026-09-09 11:07:38 IST] OTP DISPATCHED: Verification OTP dispatched and sent successfully to jesinmilesh@gmail.com (Recipient: "Jesin Milesh")
[2026-09-09 11:07:42 IST] EMAIL DISPATCHED: Registration verification email dispatched to Leader "Jesin Milesh" (jesinmilesh@gmail.com) for Team "CYBER WOLVES"
[2026-09-09 11:07:46 IST] EMAIL DISPATCHED: Confirmation email with OD Letter PDF & Entry QR pass dispatched to jesinmilesh@gmail.com (Team [XCTF-26-0001])
[2026-09-10 10:30:43 IST] ADMIN LOGIN: Operative "Madhu" logged into Admin Console
[2026-09-10 10:30:43 IST] ADMIN LOGIN: Operative "Madhu" logged into Admin Console
[2026-09-10 10:30:43 IST] ADMIN LOGIN FAILED: Operative "Madhu" failed login attempt
[2026-09-10 10:30:43 IST] ATTENDANCE LOGIN: Operative "Madhu" authenticated into Attendance Terminal
[2026-09-10 10:30:43 IST] DATA ACCESS: Operative "Madhu" viewed full teams roster
[2026-09-10 10:30:43 IST] ADMIN LOGIN: Operative "Jesin Milesh" logged into Admin Console
[2026-09-10 10:38:25 IST] ADMIN LOGIN: Operative "Madhu" logged into Admin Console
[2026-09-10 10:38:25 IST] ADMIN LOGIN: Operative "Jesin Milesh" logged into Admin Console
[2026-09-10 10:38:25 IST] ADMIN LOGIN: Operative "Ashish" logged into Admin Console
[2026-09-10 10:38:25 IST] ADMIN LOGIN: Operative "Administrator" logged into Admin Console
[2026-09-10 10:38:25 IST] ADMIN LOGIN FAILED: Operative "madhu" failed login attempt
[2026-09-10 10:38:25 IST] ADMIN LOGIN FAILED: Operative "MAdhu" failed login attempt
[2026-09-10 10:38:25 IST] ADMIN LOGIN FAILED: Operative "MADHU" failed login attempt
[2026-09-10 10:38:25 IST] ADMIN LOGIN FAILED: Operative "jesin milesh" failed login attempt
[2026-09-10 10:38:25 IST] ADMIN LOGIN FAILED: Operative "jesin" failed login attempt
[2026-09-10 10:38:25 IST] ADMIN LOGIN FAILED: Operative "ashish" failed login attempt
[2026-09-10 10:38:25 IST] ADMIN LOGIN FAILED: Operative "administrator" failed login attempt
[2026-09-10 10:38:25 IST] ADMIN LOGIN FAILED: Operative "admin" failed login attempt
[2026-09-10 10:38:25 IST] ADMIN LOGIN FAILED: Operative "madhumitha" failed login attempt
[2026-09-10 10:56:51 IST] ADMIN LOGIN: Operative "Madhu" logged into Admin Console
[2026-09-10 10:56:51 IST] ADMIN LOGIN FAILED: Operative "madhu" failed login attempt
